--- Schema for goals ---
[
  {
    "Field": "goal_id",
    "Type": "int(11)",
    "Null": "NO",
    "Key": "PRI",
    "Default": null,
    "Extra": "auto_increment"
  },
  {
    "Field": "user_id",
    "Type": "int(11)",
    "Null": "NO",
    "Key": "",
    "Default": null,
    "Extra": ""
  },
  {
    "Field": "name",
    "Type": "varchar(255)",
    "Null": "NO",
    "Key": "",
    "Default": null,
    "Extra": ""
  },
  {
    "Field": "description",
    "Type": "text",
    "Null": "YES",
    "Key": "",
    "Default": null,
    "Extra": ""
  },
  {
    "Field": "created_at",
    "Type": "datetime",
    "Null": "YES",
    "Key": "",
    "Default": "current_timestamp()",
    "Extra": ""
  },
  {
    "Field": "updated_at",
    "Type": "datetime",
    "Null": "YES",
    "Key": "",
    "Default": "current_timestamp()",
    "Extra": "on update current_timestamp()"
  },
  {
    "Field": "created_by",
    "Type": "int(11)",
    "Null": "YES",
    "Key": "",
    "Default": null,
    "Extra": ""
  },
  {
    "Field": "year",
    "Type": "int(11)",
    "Null": "YES",
    "Key": "",
    "Default": null,
    "Extra": ""
  },
  {
    "Field": "quarter",
    "Type": "varchar(2)",
    "Null": "YES",
    "Key": "",
    "Default": null,
    "Extra": ""
  },
  {
    "Field": "employee_id",
    "Type": "int(11)",
    "Null": "NO",
    "Key": "",
    "Default": null,
    "Extra": ""
  }
]
--- Schema for objectives ---
[
  {
    "Field": "objective_id",
    "Type": "int(11)",
    "Null": "NO",
    "Key": "PRI",
    "Default": null,
    "Extra": "auto_increment"
  },
  {
    "Field": "user_id",
    "Type": "int(11)",
    "Null": "NO",
    "Key": "",
    "Default": null,
    "Extra": ""
  },
  {
    "Field": "name",
    "Type": "varchar(255)",
    "Null": "NO",
    "Key": "",
    "Default": null,
    "Extra": ""
  },
  {
    "Field": "description",
    "Type": "text",
    "Null": "YES",
    "Key": "",
    "Default": null,
    "Extra": ""
  },
  {
    "Field": "created_at",
    "Type": "datetime",
    "Null": "YES",
    "Key": "",
    "Default": "current_timestamp()",
    "Extra": ""
  },
  {
    "Field": "updated_at",
    "Type": "datetime",
    "Null": "YES",
    "Key": "",
    "Default": "current_timestamp()",
    "Extra": "on update current_timestamp()"
  },
  {
    "Field": "created_by",
    "Type": "int(11)",
    "Null": "YES",
    "Key": "",
    "Default": null,
    "Extra": ""
  },
  {
    "Field": "year",
    "Type": "int(11)",
    "Null": "YES",
    "Key": "",
    "Default": null,
    "Extra": ""
  },
  {
    "Field": "quarter",
    "Type": "varchar(2)",
    "Null": "YES",
    "Key": "",
    "Default": null,
    "Extra": ""
  },
  {
    "Field": "employee_id",
    "Type": "int(11)",
    "Null": "NO",
    "Key": "",
    "Default": null,
    "Extra": ""
  },
  {
    "Field": "goal_id",
    "Type": "int(11)",
    "Null": "YES",
    "Key": "MUL",
    "Default": null,
    "Extra": ""
  }
]
--- Schema for specific_objectives ---
[
  {
    "Field": "specific_objective_id",
    "Type": "int(11)",
    "Null": "NO",
    "Key": "PRI",
    "Default": null,
    "Extra": "auto_increment"
  },
  {
    "Field": "user_id",
    "Type": "int(11)",
    "Null": "NO",
    "Key": "MUL",
    "Default": null,
    "Extra": ""
  },
  {
    "Field": "objective_id",
    "Type": "int(11)",
    "Null": "YES",
    "Key": "MUL",
    "Default": null,
    "Extra": ""
  },
  {
    "Field": "specific_objective_name",
    "Type": "varchar(255)",
    "Null": "NO",
    "Key": "",
    "Default": null,
    "Extra": ""
  },
  {
    "Field": "details",
    "Type": "text",
    "Null": "YES",
    "Key": "",
    "Default": null,
    "Extra": ""
  },
  {
    "Field": "baseline",
    "Type": "varchar(255)",
    "Null": "YES",
    "Key": "",
    "Default": null,
    "Extra": ""
  },
  {
    "Field": "plan",
    "Type": "text",
    "Null": "YES",
    "Key": "",
    "Default": null,
    "Extra": ""
  },
  {
    "Field": "measurement",
    "Type": "text",
    "Null": "YES",
    "Key": "",
    "Default": null,
    "Extra": ""
  },
  {
    "Field": "execution_percentage",
    "Type": "decimal(5,2)",
    "Null": "YES",
    "Key": "",
    "Default": "0.00",
    "Extra": ""
  },
  {
    "Field": "created_at",
    "Type": "timestamp",
    "Null": "NO",
    "Key": "",
    "Default": "current_timestamp()",
    "Extra": ""
  },
  {
    "Field": "updated_at",
    "Type": "timestamp",
    "Null": "NO",
    "Key": "",
    "Default": "current_timestamp()",
    "Extra": "on update current_timestamp()"
  },
  {
    "Field": "deadline_quarter",
    "Type": "enum('Q1','Q2','Q3','Q4')",
    "Null": "NO",
    "Key": "",
    "Default": null,
    "Extra": ""
  },
  {
    "Field": "deadline",
    "Type": "date",
    "Null": "YES",
    "Key": "",
    "Default": null,
    "Extra": ""
  },
  {
    "Field": "priority",
    "Type": "varchar(20)",
    "Null": "NO",
    "Key": "",
    "Default": null,
    "Extra": ""
  },
  {
    "Field": "department_id",
    "Type": "int(11)",
    "Null": "NO",
    "Key": "",
    "Default": null,
    "Extra": ""
  },
  {
    "Field": "name",
    "Type": "varchar(100)",
    "Null": "NO",
    "Key": "",
    "Default": null,
    "Extra": ""
  },
  {
    "Field": "count",
    "Type": "int(11)",
    "Null": "NO",
    "Key": "",
    "Default": null,
    "Extra": ""
  },
  {
    "Field": "progress",
    "Type": "enum('started','on going','completed')",
    "Null": "NO",
    "Key": "",
    "Default": "started",
    "Extra": ""
  },
  {
    "Field": "income_id",
    "Type": "int(11)",
    "Null": "YES",
    "Key": "MUL",
    "Default": null,
    "Extra": ""
  },
  {
    "Field": "cost_id",
    "Type": "int(11)",
    "Null": "YES",
    "Key": "MUL",
    "Default": null,
    "Extra": ""
  },
  {
    "Field": "view",
    "Type": "enum('የፋይናንስ ዕይታ','የተገልጋይ ዕይታ','የውስጥ አሰራር ዕይታ','የመማማርና ዕድገት ዕይታ')",
    "Null": "YES",
    "Key": "",
    "Default": null,
    "Extra": ""
  }
]
--- Schema for specific_objective_details ---
[
  {
    "Field": "specific_objective_detail_id",
    "Type": "int(11)",
    "Null": "NO",
    "Key": "PRI",
    "Default": null,
    "Extra": "auto_increment"
  },
  {
    "Field": "user_id",
    "Type": "int(11)",
    "Null": "NO",
    "Key": "MUL",
    "Default": null,
    "Extra": ""
  },
  {
    "Field": "specific_objective_detailname",
    "Type": "varchar(255)",
    "Null": "NO",
    "Key": "",
    "Default": null,
    "Extra": ""
  },
  {
    "Field": "details",
    "Type": "text",
    "Null": "YES",
    "Key": "",
    "Default": null,
    "Extra": ""
  },
  {
    "Field": "baseline",
    "Type": "varchar(255)",
    "Null": "YES",
    "Key": "",
    "Default": null,
    "Extra": ""
  },
  {
    "Field": "plan",
    "Type": "text",
    "Null": "YES",
    "Key": "",
    "Default": null,
    "Extra": ""
  },
  {
    "Field": "measurement",
    "Type": "text",
    "Null": "YES",
    "Key": "",
    "Default": null,
    "Extra": ""
  },
  {
    "Field": "execution_percentage",
    "Type": "decimal(5,2)",
    "Null": "YES",
    "Key": "",
    "Default": null,
    "Extra": ""
  },
  {
    "Field": "created_at",
    "Type": "timestamp",
    "Null": "NO",
    "Key": "",
    "Default": "current_timestamp()",
    "Extra": ""
  },
  {
    "Field": "updated_at",
    "Type": "timestamp",
    "Null": "NO",
    "Key": "",
    "Default": "current_timestamp()",
    "Extra": "on update current_timestamp()"
  },
  {
    "Field": "year",
    "Type": "int(11)",
    "Null": "NO",
    "Key": "",
    "Default": null,
    "Extra": ""
  },
  {
    "Field": "month",
    "Type": "int(11)",
    "Null": "YES",
    "Key": "",
    "Default": null,
    "Extra": ""
  },
  {
    "Field": "day",
    "Type": "int(11)",
    "Null": "YES",
    "Key": "",
    "Default": null,
    "Extra": ""
  },
  {
    "Field": "deadline",
    "Type": "date",
    "Null": "YES",
    "Key": "",
    "Default": null,
    "Extra": ""
  },
  {
    "Field": "status",
    "Type": "varchar(50)",
    "Null": "NO",
    "Key": "",
    "Default": null,
    "Extra": ""
  },
  {
    "Field": "priority",
    "Type": "varchar(20)",
    "Null": "NO",
    "Key": "",
    "Default": null,
    "Extra": ""
  },
  {
    "Field": "department_id",
    "Type": "int(11)",
    "Null": "NO",
    "Key": "",
    "Default": null,
    "Extra": ""
  },
  {
    "Field": "name",
    "Type": "varchar(100)",
    "Null": "NO",
    "Key": "",
    "Default": null,
    "Extra": ""
  },
  {
    "Field": "description",
    "Type": "varchar(100)",
    "Null": "NO",
    "Key": "",
    "Default": null,
    "Extra": ""
  },
  {
    "Field": "count",
    "Type": "int(100)",
    "Null": "NO",
    "Key": "",
    "Default": null,
    "Extra": ""
  },
  {
    "Field": "outcome",
    "Type": "decimal(10,2)",
    "Null": "YES",
    "Key": "",
    "Default": null,
    "Extra": ""
  },
  {
    "Field": "progress",
    "Type": "enum('started','on going','completed')",
    "Null": "NO",
    "Key": "",
    "Default": "started",
    "Extra": ""
  },
  {
    "Field": "created_by",
    "Type": "varchar(255)",
    "Null": "NO",
    "Key": "",
    "Default": null,
    "Extra": ""
  },
  {
    "Field": "specific_objective_id",
    "Type": "int(11)",
    "Null": "YES",
    "Key": "MUL",
    "Default": null,
    "Extra": ""
  },
  {
    "Field": "plan_type",
    "Type": "varchar(255)",
    "Null": "YES",
    "Key": "",
    "Default": null,
    "Extra": ""
  },
  {
    "Field": "income_exchange",
    "Type": "varchar(255)",
    "Null": "YES",
    "Key": "",
    "Default": null,
    "Extra": ""
  },
  {
    "Field": "cost_type",
    "Type": "varchar(255)",
    "Null": "YES",
    "Key": "",
    "Default": null,
    "Extra": ""
  },
  {
    "Field": "employment_type",
    "Type": "varchar(255)",
    "Null": "YES",
    "Key": "",
    "Default": null,
    "Extra": ""
  },
  {
    "Field": "incomeName",
    "Type": "varchar(255)",
    "Null": "YES",
    "Key": "",
    "Default": null,
    "Extra": ""
  },
  {
    "Field": "costName",
    "Type": "varchar(255)",
    "Null": "YES",
    "Key": "",
    "Default": null,
    "Extra": ""
  },
  {
    "Field": "attribute",
    "Type": "text",
    "Null": "YES",
    "Key": "",
    "Default": null,
    "Extra": ""
  },
  {
    "Field": "CIbaseline",
    "Type": "decimal(15,2)",
    "Null": "YES",
    "Key": "",
    "Default": null,
    "Extra": ""
  },
  {
    "Field": "CIplan",
    "Type": "decimal(15,2)",
    "Null": "YES",
    "Key": "",
    "Default": null,
    "Extra": ""
  },
  {
    "Field": "CIoutcome",
    "Type": "decimal(15,2)",
    "Null": "YES",
    "Key": "",
    "Default": null,
    "Extra": ""
  },
  {
    "Field": "CIexecution_percentage",
    "Type": "decimal(5,2)",
    "Null": "YES",
    "Key": "",
    "Default": null,
    "Extra": ""
  },
  {
    "Field": "editing_status",
    "Type": "enum('active','deactivate')",
    "Null": "NO",
    "Key": "",
    "Default": "active",
    "Extra": ""
  },
  {
    "Field": "reporting",
    "Type": "enum('active','deactivate')",
    "Null": "NO",
    "Key": "",
    "Default": "active",
    "Extra": ""
  },
  {
    "Field": "goal_id",
    "Type": "int(11)",
    "Null": "YES",
    "Key": "MUL",
    "Default": null,
    "Extra": ""
  },
  {
    "Field": "project_type",
    "Type": "varchar(255)",
    "Null": "YES",
    "Key": "",
    "Default": null,
    "Extra": ""
  },
  {
    "Field": "income_plan_type",
    "Type": "varchar(255)",
    "Null": "YES",
    "Key": "",
    "Default": null,
    "Extra": ""
  },
  {
    "Field": "employee_of",
    "Type": "varchar(255)",
    "Null": "YES",
    "Key": "",
    "Default": null,
    "Extra": ""
  }
]
--- Schema for plans ---
[
  {
    "Field": "plan_id",
    "Type": "int(11)",
    "Null": "NO",
    "Key": "PRI",
    "Default": null,
    "Extra": "auto_increment"
  },
  {
    "Field": "user_id",
    "Type": "int(11)",
    "Null": "NO",
    "Key": "MUL",
    "Default": null,
    "Extra": ""
  },
  {
    "Field": "department_id",
    "Type": "int(11)",
    "Null": "YES",
    "Key": "MUL",
    "Default": null,
    "Extra": ""
  },
  {
    "Field": "supervisor_id",
    "Type": "int(11)",
    "Null": "YES",
    "Key": "",
    "Default": null,
    "Extra": ""
  },
  {
    "Field": "employee_id",
    "Type": "int(11)",
    "Null": "YES",
    "Key": "MUL",
    "Default": null,
    "Extra": ""
  },
  {
    "Field": "goal_id",
    "Type": "int(11)",
    "Null": "YES",
    "Key": "MUL",
    "Default": null,
    "Extra": ""
  },
  {
    "Field": "objective_id",
    "Type": "int(11)",
    "Null": "YES",
    "Key": "MUL",
    "Default": null,
    "Extra": ""
  },
  {
    "Field": "specific_objective_id",
    "Type": "int(11)",
    "Null": "YES",
    "Key": "MUL",
    "Default": null,
    "Extra": ""
  },
  {
    "Field": "specific_objective_detail_id",
    "Type": "int(11)",
    "Null": "YES",
    "Key": "MUL",
    "Default": null,
    "Extra": ""
  },
  {
    "Field": "status",
    "Type": "enum('Pending','Approved')",
    "Null": "NO",
    "Key": "",
    "Default": "Pending",
    "Extra": ""
  },
  {
    "Field": "year",
    "Type": "int(11)",
    "Null": "NO",
    "Key": "",
    "Default": null,
    "Extra": ""
  },
  {
    "Field": "created_at",
    "Type": "timestamp",
    "Null": "NO",
    "Key": "",
    "Default": "current_timestamp()",
    "Extra": ""
  },
  {
    "Field": "updated_at",
    "Type": "timestamp",
    "Null": "NO",
    "Key": "",
    "Default": "current_timestamp()",
    "Extra": "on update current_timestamp()"
  },
  {
    "Field": "report_status",
    "Type": "enum('Pending','Approved','Declined')",
    "Null": "YES",
    "Key": "",
    "Default": "Approved",
    "Extra": ""
  },
  {
    "Field": "department_name",
    "Type": "varchar(255)",
    "Null": "NO",
    "Key": "",
    "Default": null,
    "Extra": ""
  },
  {
    "Field": "editing_status",
    "Type": "enum('active','deactivate')",
    "Null": "NO",
    "Key": "",
    "Default": "deactivate",
    "Extra": ""
  },
  {
    "Field": "reporting",
    "Type": "enum('active','deactivate')",
    "Null": "NO",
    "Key": "",
    "Default": "deactivate",
    "Extra": ""
  },
  {
    "Field": "report_progress",
    "Type": "enum('on_progress','completed')",
    "Null": "YES",
    "Key": "",
    "Default": null,
    "Extra": ""
  }
]
--- Schema for approvalworkflow ---
[
  {
    "Field": "approvalworkflow_id",
    "Type": "int(11)",
    "Null": "NO",
    "Key": "PRI",
    "Default": null,
    "Extra": "auto_increment"
  },
  {
    "Field": "plan_id",
    "Type": "int(11)",
    "Null": "YES",
    "Key": "MUL",
    "Default": null,
    "Extra": ""
  },
  {
    "Field": "approver_id",
    "Type": "int(11)",
    "Null": "YES",
    "Key": "MUL",
    "Default": null,
    "Extra": ""
  },
  {
    "Field": "status",
    "Type": "enum('completed','in progress','Pending','Approved','Declined')",
    "Null": "YES",
    "Key": "",
    "Default": "Pending",
    "Extra": ""
  },
  {
    "Field": "comment",
    "Type": "text",
    "Null": "YES",
    "Key": "",
    "Default": null,
    "Extra": ""
  },
  {
    "Field": "approval_date",
    "Type": "datetime",
    "Null": "YES",
    "Key": "",
    "Default": null,
    "Extra": ""
  },
  {
    "Field": "approved_at",
    "Type": "datetime",
    "Null": "YES",
    "Key": "",
    "Default": null,
    "Extra": ""
  },
  {
    "Field": "report_id",
    "Type": "int(11)",
    "Null": "YES",
    "Key": "",
    "Default": null,
    "Extra": ""
  },
  {
    "Field": "report_status",
    "Type": "enum('Pending','Approved','Declined')",
    "Null": "YES",
    "Key": "",
    "Default": "Pending",
    "Extra": ""
  },
  {
    "Field": "rating",
    "Type": "decimal(5,2)",
    "Null": "YES",
    "Key": "",
    "Default": null,
    "Extra": ""
  },
  {
    "Field": "comment_writer",
    "Type": "varchar(255)",
    "Null": "NO",
    "Key": "",
    "Default": null,
    "Extra": ""
  }
]
